


ARM Macro Assembler    Page 1 


    1 00000000         ; Константы
    2 00000000         
    3 00000000 20000100 
                       STACK_TOP
                               EQU              0x20000100  ; Вершина с
                                                            тека
    4 00000000 20000650 
                       ARRAY_POINTER
                               EQU              0x20000650
    5 00000000 00100000 
                       DELAY_VAL
                               EQU              0x100000    ; Величина 
                                                            задержки
    6 00000000 00000006 
                       SIZE_1  EQU              0x00000006  ;
    7 00000000 00000005 
                       SIZE_2  EQU              0x00000005  ;
    8 00000000         
    9 00000000                 END
Command Line: --debug --xref --diag_suppress=9931 --cpu=Cortex-M3 --apcs=interw
ork --depend=.\objects\config.d -o.\objects\config.o -I.\RTE\_Target_1 -I"D:\pr
ogram files\ARM\PACK\Keil\STM32F1xx_DFP\2.3.0\Device\Include" -I"D:\program fil
es\ARM\CMSIS\Include" --predefine="__EVAL SETA 1" --predefine="__UVISION_VERSIO
N SETA 525" --predefine="STM32F10X_MD SETA 1" --list=.\listings\config.lst conf
ig.s



ARM Macro Assembler    Page 1 Alphabetic symbol ordering
Absolute symbols

ARRAY_POINTER 20000650

Symbol: ARRAY_POINTER
   Definitions
      At line 4 in file config.s
   Uses
      None
Comment: ARRAY_POINTER unused
DELAY_VAL 00100000

Symbol: DELAY_VAL
   Definitions
      At line 5 in file config.s
   Uses
      None
Comment: DELAY_VAL unused
SIZE_1 00000006

Symbol: SIZE_1
   Definitions
      At line 6 in file config.s
   Uses
      None
Comment: SIZE_1 unused
SIZE_2 00000005

Symbol: SIZE_2
   Definitions
      At line 7 in file config.s
   Uses
      None
Comment: SIZE_2 unused
STACK_TOP 20000100

Symbol: STACK_TOP
   Definitions
      At line 3 in file config.s
   Uses
      None
Comment: STACK_TOP unused
5 symbols
338 symbols in table
