Component: ARM Compiler 5.06 update 6 (build 750) Tool: armlink [4d35ed]

==============================================================================

Section Cross References



==============================================================================

Image Symbol Table

    Local Symbols

    Symbol Name                              Value     Ov Type        Size  Object(Section)

    config.s                                 0x00000000   Number         0  config.o ABSOLUTE
    main.s                                   0x00000000   Number         0  main.o ABSOLUTE
    stm32f10x.s                              0x00000000   Number         0  stm32f10x.o ABSOLUTE
    RESET                                    0x08000000   Section      372  main.o(RESET)
    convolution                              0x080000fb   Thumb Code   122  main.o(RESET)

    Global Symbols

    Symbol Name                              Value     Ov Type        Size  Object(Section)

    BuildAttributes$$THM_ISAv4$P$D$K$B$S$PE$A:L22UL41UL21$X:L11$S22US41US21$IEEE1$IW$USESV6$~STKCKD$USESV7$~SHL$OSPACE$EBA8$STANDARDLIB$PRES8$EABIv2 0x00000000   Number         0  anon$$obj.o ABSOLUTE
    Reset_Handler                            0x08000009   Thumb Code   242  main.o(RESET)



==============================================================================

Memory Map of the image

  Image Entry point : 0x08000009

  Load Region LR_1 (Base: 0x08000000, Size: 0x00000174, Max: 0xffffffff, ABSOLUTE)

    Execution Region ER_RO (Exec base: 0x08000000, Load base: 0x08000000, Size: 0x00000174, Max: 0xffffffff, ABSOLUTE)

    Exec Addr    Load Addr    Size         Type   Attr      Idx    E Section Name        Object

    0x08000000   0x08000000   0x00000174   Code   RO            1  * RESET               main.o


    Execution Region ER_RW (Exec base: 0x20000000, Load base: 0x08000174, Size: 0x00000000, Max: 0xffffffff, ABSOLUTE)

    **** No section assigned to this execution region ****


    Execution Region ER_ZI (Exec base: 0x20000000, Load base: 0x08000174, Size: 0x00000000, Max: 0xffffffff, ABSOLUTE)

    **** No section assigned to this execution region ****


==============================================================================

Image component sizes


      Code (inc. data)   RO Data    RW Data    ZI Data      Debug   Object Name

       372          8          0          0          0        428   main.o

    ----------------------------------------------------------------------
       372          8          0          0          0        428   Object Totals
         0          0          0          0          0          0   (incl. Generated)
         0          0          0          0          0          0   (incl. Padding)

    ----------------------------------------------------------------------
         0          0          0          0          0          0   Library Totals
         0          0          0          0          0          0   (incl. Padding)

    ----------------------------------------------------------------------

==============================================================================


      Code (inc. data)   RO Data    RW Data    ZI Data      Debug   

       372          8          0          0          0        428   Grand Totals
       372          8          0          0          0        428   ELF Image Totals
       372          8          0          0          0          0   ROM Totals

==============================================================================

    Total RO  Size (Code + RO Data)                  372 (   0.36kB)
    Total RW  Size (RW Data + ZI Data)                 0 (   0.00kB)
    Total ROM Size (Code + RO Data + RW Data)        372 (   0.36kB)

==============================================================================

